Archive member included because of file (symbol)

.\CortexM0\ARM_GCC_493\Debug\BLE Lab 1 - group 7.a(cyfitter_cfg.o)
                              .\CortexM0\ARM_GCC_493\Debug\Cm0Start.o (cyfitter_cfg)
.\CortexM0\ARM_GCC_493\Debug\BLE Lab 1 - group 7.a(PWM.o)
                              .\CortexM0\ARM_GCC_493\Debug\main.o (PWM_Start)
.\CortexM0\ARM_GCC_493\Debug\BLE Lab 1 - group 7.a(CyBootAsmGnu.o)
                              .\CortexM0\ARM_GCC_493\Debug\BLE Lab 1 - group 7.a(cyfitter_cfg.o) (CyDelayCycles)
.\CortexM0\ARM_GCC_493\Debug\BLE Lab 1 - group 7.a(CyLib.o)
                              .\CortexM0\ARM_GCC_493\Debug\BLE Lab 1 - group 7.a(cyfitter_cfg.o) (CySysClkWriteImoFreq)
.\CortexM0\ARM_GCC_493\Debug\BLE Lab 1 - group 7.a(CyLFClk.o)
                              .\CortexM0\ARM_GCC_493\Debug\BLE Lab 1 - group 7.a(cyfitter_cfg.o) (CySysClkWcoStart)
c:/program files (x86)/cypress/psoc creator/3.3/psoc creator/import/gnu/arm/4.9.3/bin/../lib/gcc/arm-none-eabi/4.9.3/armv6-m\libgcc.a(_udivsi3.o)
                              .\CortexM0\ARM_GCC_493\Debug\BLE Lab 1 - group 7.a(CyLib.o) (__aeabi_uidiv)
c:/program files (x86)/cypress/psoc creator/3.3/psoc creator/import/gnu/arm/4.9.3/bin/../lib/gcc/arm-none-eabi/4.9.3/armv6-m\libgcc.a(_divsi3.o)
                              .\CortexM0\ARM_GCC_493\Debug\BLE Lab 1 - group 7.a(CyLFClk.o) (__aeabi_idiv)
c:/program files (x86)/cypress/psoc creator/3.3/psoc creator/import/gnu/arm/4.9.3/bin/../lib/gcc/arm-none-eabi/4.9.3/armv6-m\libgcc.a(_dvmd_tls.o)
                              c:/program files (x86)/cypress/psoc creator/3.3/psoc creator/import/gnu/arm/4.9.3/bin/../lib/gcc/arm-none-eabi/4.9.3/armv6-m\libgcc.a(_udivsi3.o) (__aeabi_idiv0)
c:/program files (x86)/cypress/psoc creator/3.3/psoc creator/import/gnu/arm/4.9.3/bin/../lib/gcc/arm-none-eabi/4.9.3/../../../../arm-none-eabi/lib/armv6-m\libg_nano.a(lib_a-errno.o)
                              .\CortexM0\ARM_GCC_493\Debug\Cm0Start.o (__errno)
c:/program files (x86)/cypress/psoc creator/3.3/psoc creator/import/gnu/arm/4.9.3/bin/../lib/gcc/arm-none-eabi/4.9.3/../../../../arm-none-eabi/lib/armv6-m\libg_nano.a(lib_a-exit.o)
                              c:/program files (x86)/cypress/psoc creator/3.3/psoc creator/import/gnu/arm/4.9.3/bin/../lib/gcc/arm-none-eabi/4.9.3/../../../../arm-none-eabi/lib/armv6-m/crt0.o (exit)
c:/program files (x86)/cypress/psoc creator/3.3/psoc creator/import/gnu/arm/4.9.3/bin/../lib/gcc/arm-none-eabi/4.9.3/../../../../arm-none-eabi/lib/armv6-m\libg_nano.a(lib_a-impure.o)
                              c:/program files (x86)/cypress/psoc creator/3.3/psoc creator/import/gnu/arm/4.9.3/bin/../lib/gcc/arm-none-eabi/4.9.3/../../../../arm-none-eabi/lib/armv6-m\libg_nano.a(lib_a-exit.o) (_global_impure_ptr)
c:/program files (x86)/cypress/psoc creator/3.3/psoc creator/import/gnu/arm/4.9.3/bin/../lib/gcc/arm-none-eabi/4.9.3/../../../../arm-none-eabi/lib/armv6-m\libg_nano.a(lib_a-init.o)
                              c:/program files (x86)/cypress/psoc creator/3.3/psoc creator/import/gnu/arm/4.9.3/bin/../lib/gcc/arm-none-eabi/4.9.3/../../../../arm-none-eabi/lib/armv6-m/crt0.o (__libc_init_array)
c:/program files (x86)/cypress/psoc creator/3.3/psoc creator/import/gnu/arm/4.9.3/bin/../lib/gcc/arm-none-eabi/4.9.3/../../../../arm-none-eabi/lib/armv6-m\libg_nano.a(lib_a-memcpy.o)
                              .\CortexM0\ARM_GCC_493\Debug\BLE Lab 1 - group 7.a(cyfitter_cfg.o) (memcpy)
c:/program files (x86)/cypress/psoc creator/3.3/psoc creator/import/gnu/arm/4.9.3/bin/../lib/gcc/arm-none-eabi/4.9.3/../../../../arm-none-eabi/lib/armv6-m\libg_nano.a(lib_a-memset.o)
                              c:/program files (x86)/cypress/psoc creator/3.3/psoc creator/import/gnu/arm/4.9.3/bin/../lib/gcc/arm-none-eabi/4.9.3/../../../../arm-none-eabi/lib/armv6-m/crt0.o (memset)

Discarded input sections

 .text          0x00000000        0x0 c:/program files (x86)/cypress/psoc creator/3.3/psoc creator/import/gnu/arm/4.9.3/bin/../lib/gcc/arm-none-eabi/4.9.3/armv6-m/crti.o
 .data          0x00000000        0x0 c:/program files (x86)/cypress/psoc creator/3.3/psoc creator/import/gnu/arm/4.9.3/bin/../lib/gcc/arm-none-eabi/4.9.3/armv6-m/crti.o
 .bss           0x00000000        0x0 c:/program files (x86)/cypress/psoc creator/3.3/psoc creator/import/gnu/arm/4.9.3/bin/../lib/gcc/arm-none-eabi/4.9.3/armv6-m/crti.o
 .data          0x00000000        0x4 c:/program files (x86)/cypress/psoc creator/3.3/psoc creator/import/gnu/arm/4.9.3/bin/../lib/gcc/arm-none-eabi/4.9.3/armv6-m/crtbegin.o
 .text          0x00000000       0x78 c:/program files (x86)/cypress/psoc creator/3.3/psoc creator/import/gnu/arm/4.9.3/bin/../lib/gcc/arm-none-eabi/4.9.3/../../../../arm-none-eabi/lib/armv6-m/crt0.o
 .data          0x00000000        0x0 c:/program files (x86)/cypress/psoc creator/3.3/psoc creator/import/gnu/arm/4.9.3/bin/../lib/gcc/arm-none-eabi/4.9.3/../../../../arm-none-eabi/lib/armv6-m/crt0.o
 .bss           0x00000000        0x0 c:/program files (x86)/cypress/psoc creator/3.3/psoc creator/import/gnu/arm/4.9.3/bin/../lib/gcc/arm-none-eabi/4.9.3/../../../../arm-none-eabi/lib/armv6-m/crt0.o
 .ARM.extab     0x00000000        0x0 c:/program files (x86)/cypress/psoc creator/3.3/psoc creator/import/gnu/arm/4.9.3/bin/../lib/gcc/arm-none-eabi/4.9.3/../../../../arm-none-eabi/lib/armv6-m/crt0.o
 .ARM.exidx     0x00000000        0x8 c:/program files (x86)/cypress/psoc creator/3.3/psoc creator/import/gnu/arm/4.9.3/bin/../lib/gcc/arm-none-eabi/4.9.3/../../../../arm-none-eabi/lib/armv6-m/crt0.o
 .text          0x00000000        0x0 .\CortexM0\ARM_GCC_493\Debug\main.o
 .data          0x00000000        0x0 .\CortexM0\ARM_GCC_493\Debug\main.o
 .bss           0x00000000        0x0 .\CortexM0\ARM_GCC_493\Debug\main.o
 .text          0x00000000        0x0 .\CortexM0\ARM_GCC_493\Debug\cymetadata.o
 .data          0x00000000        0x0 .\CortexM0\ARM_GCC_493\Debug\cymetadata.o
 .bss           0x00000000        0x0 .\CortexM0\ARM_GCC_493\Debug\cymetadata.o
 .text          0x00000000        0x0 .\CortexM0\ARM_GCC_493\Debug\Cm0Start.o
 .data          0x00000000        0x4 .\CortexM0\ARM_GCC_493\Debug\Cm0Start.o
 .bss           0x00000000        0x0 .\CortexM0\ARM_GCC_493\Debug\Cm0Start.o
 .text._exit    0x00000000       0x14 .\CortexM0\ARM_GCC_493\Debug\Cm0Start.o
 .text._sbrk    0x00000000       0x50 .\CortexM0\ARM_GCC_493\Debug\Cm0Start.o
 .text          0x00000000        0x0 .\CortexM0\ARM_GCC_493\Debug\BLE Lab 1 - group 7.a(cyfitter_cfg.o)
 .data          0x00000000        0x0 .\CortexM0\ARM_GCC_493\Debug\BLE Lab 1 - group 7.a(cyfitter_cfg.o)
 .bss           0x00000000        0x0 .\CortexM0\ARM_GCC_493\Debug\BLE Lab 1 - group 7.a(cyfitter_cfg.o)
 .text.CYCONFIGCPY
                0x00000000       0x24 .\CortexM0\ARM_GCC_493\Debug\BLE Lab 1 - group 7.a(cyfitter_cfg.o)
 .text.CYCONFIGCPYCODE
                0x00000000       0x24 .\CortexM0\ARM_GCC_493\Debug\BLE Lab 1 - group 7.a(cyfitter_cfg.o)
 .text          0x00000000        0x0 .\CortexM0\ARM_GCC_493\Debug\BLE Lab 1 - group 7.a(PWM.o)
 .data          0x00000000        0x0 .\CortexM0\ARM_GCC_493\Debug\BLE Lab 1 - group 7.a(PWM.o)
 .text.PWM_Stop
                0x00000000       0x30 .\CortexM0\ARM_GCC_493\Debug\BLE Lab 1 - group 7.a(PWM.o)
 .text.PWM_SetMode
                0x00000000       0x48 .\CortexM0\ARM_GCC_493\Debug\BLE Lab 1 - group 7.a(PWM.o)
 .text.PWM_SetQDMode
                0x00000000       0x48 .\CortexM0\ARM_GCC_493\Debug\BLE Lab 1 - group 7.a(PWM.o)
 .text.PWM_SetPrescaler
                0x00000000       0x48 .\CortexM0\ARM_GCC_493\Debug\BLE Lab 1 - group 7.a(PWM.o)
 .text.PWM_SetOneShot
                0x00000000       0x4c .\CortexM0\ARM_GCC_493\Debug\BLE Lab 1 - group 7.a(PWM.o)
 .text.PWM_SetPWMMode
                0x00000000       0x1c .\CortexM0\ARM_GCC_493\Debug\BLE Lab 1 - group 7.a(PWM.o)
 .text.PWM_SetPWMSyncKill
                0x00000000       0x48 .\CortexM0\ARM_GCC_493\Debug\BLE Lab 1 - group 7.a(PWM.o)
 .text.PWM_SetPWMStopOnKill
                0x00000000       0x48 .\CortexM0\ARM_GCC_493\Debug\BLE Lab 1 - group 7.a(PWM.o)
 .text.PWM_SetPWMDeadTime
                0x00000000       0x4c .\CortexM0\ARM_GCC_493\Debug\BLE Lab 1 - group 7.a(PWM.o)
 .text.PWM_SetPWMInvert
                0x00000000       0x48 .\CortexM0\ARM_GCC_493\Debug\BLE Lab 1 - group 7.a(PWM.o)
 .text.PWM_ReadCounter
                0x00000000       0x18 .\CortexM0\ARM_GCC_493\Debug\BLE Lab 1 - group 7.a(PWM.o)
 .text.PWM_SetCounterMode
                0x00000000       0x48 .\CortexM0\ARM_GCC_493\Debug\BLE Lab 1 - group 7.a(PWM.o)
 .text.PWM_ReadPeriod
                0x00000000       0x18 .\CortexM0\ARM_GCC_493\Debug\BLE Lab 1 - group 7.a(PWM.o)
 .text.PWM_SetCompareSwap
                0x00000000       0x48 .\CortexM0\ARM_GCC_493\Debug\BLE Lab 1 - group 7.a(PWM.o)
 .text.PWM_WritePeriodBuf
                0x00000000       0x1c .\CortexM0\ARM_GCC_493\Debug\BLE Lab 1 - group 7.a(PWM.o)
 .text.PWM_ReadPeriodBuf
                0x00000000       0x18 .\CortexM0\ARM_GCC_493\Debug\BLE Lab 1 - group 7.a(PWM.o)
 .text.PWM_SetPeriodSwap
                0x00000000       0x48 .\CortexM0\ARM_GCC_493\Debug\BLE Lab 1 - group 7.a(PWM.o)
 .text.PWM_ReadCompare
                0x00000000       0x18 .\CortexM0\ARM_GCC_493\Debug\BLE Lab 1 - group 7.a(PWM.o)
 .text.PWM_WriteCompareBuf
                0x00000000       0x1c .\CortexM0\ARM_GCC_493\Debug\BLE Lab 1 - group 7.a(PWM.o)
 .text.PWM_ReadCompareBuf
                0x00000000       0x18 .\CortexM0\ARM_GCC_493\Debug\BLE Lab 1 - group 7.a(PWM.o)
 .text.PWM_ReadCapture
                0x00000000       0x18 .\CortexM0\ARM_GCC_493\Debug\BLE Lab 1 - group 7.a(PWM.o)
 .text.PWM_ReadCaptureBuf
                0x00000000       0x18 .\CortexM0\ARM_GCC_493\Debug\BLE Lab 1 - group 7.a(PWM.o)
 .text.PWM_SetCaptureMode
                0x00000000       0x44 .\CortexM0\ARM_GCC_493\Debug\BLE Lab 1 - group 7.a(PWM.o)
 .text.PWM_SetReloadMode
                0x00000000       0x44 .\CortexM0\ARM_GCC_493\Debug\BLE Lab 1 - group 7.a(PWM.o)
 .text.PWM_SetStartMode
                0x00000000       0x48 .\CortexM0\ARM_GCC_493\Debug\BLE Lab 1 - group 7.a(PWM.o)
 .text.PWM_SetStopMode
                0x00000000       0x44 .\CortexM0\ARM_GCC_493\Debug\BLE Lab 1 - group 7.a(PWM.o)
 .text.PWM_SetCountMode
                0x00000000       0x44 .\CortexM0\ARM_GCC_493\Debug\BLE Lab 1 - group 7.a(PWM.o)
 .text.PWM_ReadStatus
                0x00000000       0x20 .\CortexM0\ARM_GCC_493\Debug\BLE Lab 1 - group 7.a(PWM.o)
 .text.PWM_GetInterruptSourceMasked
                0x00000000       0x14 .\CortexM0\ARM_GCC_493\Debug\BLE Lab 1 - group 7.a(PWM.o)
 .text.PWM_GetInterruptSource
                0x00000000       0x14 .\CortexM0\ARM_GCC_493\Debug\BLE Lab 1 - group 7.a(PWM.o)
 .text.PWM_ClearInterrupt
                0x00000000       0x18 .\CortexM0\ARM_GCC_493\Debug\BLE Lab 1 - group 7.a(PWM.o)
 .text.PWM_SetInterrupt
                0x00000000       0x18 .\CortexM0\ARM_GCC_493\Debug\BLE Lab 1 - group 7.a(PWM.o)
 .data          0x00000000        0x0 .\CortexM0\ARM_GCC_493\Debug\BLE Lab 1 - group 7.a(CyBootAsmGnu.o)
 .bss           0x00000000        0x0 .\CortexM0\ARM_GCC_493\Debug\BLE Lab 1 - group 7.a(CyBootAsmGnu.o)
 .text          0x00000000        0x0 .\CortexM0\ARM_GCC_493\Debug\BLE Lab 1 - group 7.a(CyLib.o)
 .bss           0x00000000       0x18 .\CortexM0\ARM_GCC_493\Debug\BLE Lab 1 - group 7.a(CyLib.o)
 .text.CySysClkImoStart
                0x00000000       0x1c .\CortexM0\ARM_GCC_493\Debug\BLE Lab 1 - group 7.a(CyLib.o)
 .text.CySysClkImoStop
                0x00000000       0x18 .\CortexM0\ARM_GCC_493\Debug\BLE Lab 1 - group 7.a(CyLib.o)
 .text.CySysClkWriteHfclkDirect
                0x00000000       0x48 .\CortexM0\ARM_GCC_493\Debug\BLE Lab 1 - group 7.a(CyLib.o)
 .text.CySysClkGetSysclkSource
                0x00000000       0x34 .\CortexM0\ARM_GCC_493\Debug\BLE Lab 1 - group 7.a(CyLib.o)
 .text.CySysClkWriteSysclkDiv
                0x00000000       0x44 .\CortexM0\ARM_GCC_493\Debug\BLE Lab 1 - group 7.a(CyLib.o)
 .text.CySysClkEcoStop
                0x00000000       0x2c .\CortexM0\ARM_GCC_493\Debug\BLE Lab 1 - group 7.a(CyLib.o)
 .text.CySysClkWriteEcoDiv
                0x00000000       0x58 .\CortexM0\ARM_GCC_493\Debug\BLE Lab 1 - group 7.a(CyLib.o)
 .text.CySysLvdEnable
                0x00000000       0x60 .\CortexM0\ARM_GCC_493\Debug\BLE Lab 1 - group 7.a(CyLib.o)
 .text.CySysLvdDisable
                0x00000000       0x28 .\CortexM0\ARM_GCC_493\Debug\BLE Lab 1 - group 7.a(CyLib.o)
 .text.CySysLvdGetInterruptSource
                0x00000000       0x18 .\CortexM0\ARM_GCC_493\Debug\BLE Lab 1 - group 7.a(CyLib.o)
 .text.CySysLvdClearInterrupt
                0x00000000       0x14 .\CortexM0\ARM_GCC_493\Debug\BLE Lab 1 - group 7.a(CyLib.o)
 .text.CySysGetResetReason
                0x00000000       0x30 .\CortexM0\ARM_GCC_493\Debug\BLE Lab 1 - group 7.a(CyLib.o)
 .text.CyDisableInts
                0x00000000       0x24 .\CortexM0\ARM_GCC_493\Debug\BLE Lab 1 - group 7.a(CyLib.o)
 .text.CyEnableInts
                0x00000000       0x18 .\CortexM0\ARM_GCC_493\Debug\BLE Lab 1 - group 7.a(CyLib.o)
 .text.CyIntSetSysVector
                0x00000000       0x48 .\CortexM0\ARM_GCC_493\Debug\BLE Lab 1 - group 7.a(CyLib.o)
 .text.CyIntGetSysVector
                0x00000000       0x34 .\CortexM0\ARM_GCC_493\Debug\BLE Lab 1 - group 7.a(CyLib.o)
 .text.CyIntSetVector
                0x00000000       0x4c .\CortexM0\ARM_GCC_493\Debug\BLE Lab 1 - group 7.a(CyLib.o)
 .text.CyIntGetVector
                0x00000000       0x38 .\CortexM0\ARM_GCC_493\Debug\BLE Lab 1 - group 7.a(CyLib.o)
 .text.CyIntSetPriority
                0x00000000       0xa8 .\CortexM0\ARM_GCC_493\Debug\BLE Lab 1 - group 7.a(CyLib.o)
 .text.CyIntGetPriority
                0x00000000       0x5c .\CortexM0\ARM_GCC_493\Debug\BLE Lab 1 - group 7.a(CyLib.o)
 .text.CyIntEnable
                0x00000000       0x28 .\CortexM0\ARM_GCC_493\Debug\BLE Lab 1 - group 7.a(CyLib.o)
 .text.CyIntGetState
                0x00000000       0x30 .\CortexM0\ARM_GCC_493\Debug\BLE Lab 1 - group 7.a(CyLib.o)
 .text.CyIntDisable
                0x00000000       0x28 .\CortexM0\ARM_GCC_493\Debug\BLE Lab 1 - group 7.a(CyLib.o)
 .text.CyIntSetPending
                0x00000000       0x28 .\CortexM0\ARM_GCC_493\Debug\BLE Lab 1 - group 7.a(CyLib.o)
 .text.CyIntClearPending
                0x00000000       0x28 .\CortexM0\ARM_GCC_493\Debug\BLE Lab 1 - group 7.a(CyLib.o)
 .text.CySoftwareReset
                0x00000000       0x20 .\CortexM0\ARM_GCC_493\Debug\BLE Lab 1 - group 7.a(CyLib.o)
 .text.CyDelay  0x00000000       0x48 .\CortexM0\ARM_GCC_493\Debug\BLE Lab 1 - group 7.a(CyLib.o)
 .text.CyDelayFreq
                0x00000000       0x84 .\CortexM0\ARM_GCC_493\Debug\BLE Lab 1 - group 7.a(CyLib.o)
 .text.CySysTickStart
                0x00000000       0x24 .\CortexM0\ARM_GCC_493\Debug\BLE Lab 1 - group 7.a(CyLib.o)
 .text.CySysTickInit
                0x00000000       0x64 .\CortexM0\ARM_GCC_493\Debug\BLE Lab 1 - group 7.a(CyLib.o)
 .text.CySysTickEnable
                0x00000000       0x1c .\CortexM0\ARM_GCC_493\Debug\BLE Lab 1 - group 7.a(CyLib.o)
 .text.CySysTickStop
                0x00000000       0x18 .\CortexM0\ARM_GCC_493\Debug\BLE Lab 1 - group 7.a(CyLib.o)
 .text.CySysTickEnableInterrupt
                0x00000000       0x18 .\CortexM0\ARM_GCC_493\Debug\BLE Lab 1 - group 7.a(CyLib.o)
 .text.CySysTickDisableInterrupt
                0x00000000       0x18 .\CortexM0\ARM_GCC_493\Debug\BLE Lab 1 - group 7.a(CyLib.o)
 .text.CySysTickSetReload
                0x00000000       0x1c .\CortexM0\ARM_GCC_493\Debug\BLE Lab 1 - group 7.a(CyLib.o)
 .text.CySysTickGetReload
                0x00000000       0x18 .\CortexM0\ARM_GCC_493\Debug\BLE Lab 1 - group 7.a(CyLib.o)
 .text.CySysTickGetValue
                0x00000000       0x18 .\CortexM0\ARM_GCC_493\Debug\BLE Lab 1 - group 7.a(CyLib.o)
 .text.CySysTickSetClockSource
                0x00000000       0x34 .\CortexM0\ARM_GCC_493\Debug\BLE Lab 1 - group 7.a(CyLib.o)
 .text.CySysTickGetCountFlag
                0x00000000       0x18 .\CortexM0\ARM_GCC_493\Debug\BLE Lab 1 - group 7.a(CyLib.o)
 .text.CySysTickClear
                0x00000000       0x14 .\CortexM0\ARM_GCC_493\Debug\BLE Lab 1 - group 7.a(CyLib.o)
 .text.CySysTickSetCallback
                0x00000000       0x2c .\CortexM0\ARM_GCC_493\Debug\BLE Lab 1 - group 7.a(CyLib.o)
 .text.CySysTickGetCallback
                0x00000000       0x1c .\CortexM0\ARM_GCC_493\Debug\BLE Lab 1 - group 7.a(CyLib.o)
 .text.CySysTickServiceCallbacks
                0x00000000       0x44 .\CortexM0\ARM_GCC_493\Debug\BLE Lab 1 - group 7.a(CyLib.o)
 .text.CyGetUniqueId
                0x00000000       0xc0 .\CortexM0\ARM_GCC_493\Debug\BLE Lab 1 - group 7.a(CyLib.o)
 .text          0x00000000        0x0 .\CortexM0\ARM_GCC_493\Debug\BLE Lab 1 - group 7.a(CyLFClk.o)
 .data          0x00000000        0x8 .\CortexM0\ARM_GCC_493\Debug\BLE Lab 1 - group 7.a(CyLFClk.o)
 .bss           0x00000000       0x28 .\CortexM0\ARM_GCC_493\Debug\BLE Lab 1 - group 7.a(CyLFClk.o)
 .rodata        0x00000000        0xc .\CortexM0\ARM_GCC_493\Debug\BLE Lab 1 - group 7.a(CyLFClk.o)
 .text.CySysClkIloStart
                0x00000000       0x1c .\CortexM0\ARM_GCC_493\Debug\BLE Lab 1 - group 7.a(CyLFClk.o)
 .text.CySysClkIloStop
                0x00000000       0x60 .\CortexM0\ARM_GCC_493\Debug\BLE Lab 1 - group 7.a(CyLFClk.o)
 .text.CySysClkIloStartMeasurement
                0x00000000       0x6c .\CortexM0\ARM_GCC_493\Debug\BLE Lab 1 - group 7.a(CyLFClk.o)
 .text.CySysClkIloStopMeasurement
                0x00000000       0x1c .\CortexM0\ARM_GCC_493\Debug\BLE Lab 1 - group 7.a(CyLFClk.o)
 .text.CySysClkIloCompensate
                0x00000000      0x15c .\CortexM0\ARM_GCC_493\Debug\BLE Lab 1 - group 7.a(CyLFClk.o)
 .text.CySysClkIloEnabled
                0x00000000       0x1c .\CortexM0\ARM_GCC_493\Debug\BLE Lab 1 - group 7.a(CyLFClk.o)
 .text.CySysClkIloTrim
                0x00000000      0x124 .\CortexM0\ARM_GCC_493\Debug\BLE Lab 1 - group 7.a(CyLFClk.o)
 .text.CySysClkIloUpdateTrimReg
                0x00000000       0xfc .\CortexM0\ARM_GCC_493\Debug\BLE Lab 1 - group 7.a(CyLFClk.o)
 .text.CySysClkIloRestoreFactoryTrim
                0x00000000       0x4c .\CortexM0\ARM_GCC_493\Debug\BLE Lab 1 - group 7.a(CyLFClk.o)
 .text.CySysClkGetLfclkSource
                0x00000000       0x20 .\CortexM0\ARM_GCC_493\Debug\BLE Lab 1 - group 7.a(CyLFClk.o)
 .text.CySysClkSetLfclkSource
                0x00000000       0x54 .\CortexM0\ARM_GCC_493\Debug\BLE Lab 1 - group 7.a(CyLFClk.o)
 .text.CySysClkWcoStop
                0x00000000       0x5c .\CortexM0\ARM_GCC_493\Debug\BLE Lab 1 - group 7.a(CyLFClk.o)
 .text.CySysClkWcoEnabled
                0x00000000       0x1c .\CortexM0\ARM_GCC_493\Debug\BLE Lab 1 - group 7.a(CyLFClk.o)
 .text.CySysClkWcoClockOutSelect
                0x00000000       0x3c .\CortexM0\ARM_GCC_493\Debug\BLE Lab 1 - group 7.a(CyLFClk.o)
 .text.CySysWdtLock
                0x00000000       0x34 .\CortexM0\ARM_GCC_493\Debug\BLE Lab 1 - group 7.a(CyLFClk.o)
 .text.CySysWdtLocked
                0x00000000       0x20 .\CortexM0\ARM_GCC_493\Debug\BLE Lab 1 - group 7.a(CyLFClk.o)
 .text.CySysWdtUnlock
                0x00000000       0x4c .\CortexM0\ARM_GCC_493\Debug\BLE Lab 1 - group 7.a(CyLFClk.o)
 .text.CySysWdtGetEnabledStatus
                0x00000000       0x30 .\CortexM0\ARM_GCC_493\Debug\BLE Lab 1 - group 7.a(CyLFClk.o)
 .text.CySysWdtSetMode
                0x00000000       0x58 .\CortexM0\ARM_GCC_493\Debug\BLE Lab 1 - group 7.a(CyLFClk.o)
 .text.CySysWdtGetMode
                0x00000000       0x24 .\CortexM0\ARM_GCC_493\Debug\BLE Lab 1 - group 7.a(CyLFClk.o)
 .text.CySysWdtSetClearOnMatch
                0x00000000       0x6c .\CortexM0\ARM_GCC_493\Debug\BLE Lab 1 - group 7.a(CyLFClk.o)
 .text.CySysWdtGetClearOnMatch
                0x00000000       0x40 .\CortexM0\ARM_GCC_493\Debug\BLE Lab 1 - group 7.a(CyLFClk.o)
 .text.CySysWdtEnable
                0x00000000       0x60 .\CortexM0\ARM_GCC_493\Debug\BLE Lab 1 - group 7.a(CyLFClk.o)
 .text.CySysWdtDisable
                0x00000000       0x68 .\CortexM0\ARM_GCC_493\Debug\BLE Lab 1 - group 7.a(CyLFClk.o)
 .text.CySysWdtSetCascade
                0x00000000       0x58 .\CortexM0\ARM_GCC_493\Debug\BLE Lab 1 - group 7.a(CyLFClk.o)
 .text.CySysWdtGetCascade
                0x00000000       0x1c .\CortexM0\ARM_GCC_493\Debug\BLE Lab 1 - group 7.a(CyLFClk.o)
 .text.CySysWdtSetMatch
                0x00000000       0x90 .\CortexM0\ARM_GCC_493\Debug\BLE Lab 1 - group 7.a(CyLFClk.o)
 .text.CySysWdtSetToggleBit
                0x00000000       0x44 .\CortexM0\ARM_GCC_493\Debug\BLE Lab 1 - group 7.a(CyLFClk.o)
 .text.CySysWdtGetToggleBit
                0x00000000       0x18 .\CortexM0\ARM_GCC_493\Debug\BLE Lab 1 - group 7.a(CyLFClk.o)
 .text.CySysWdtGetMatch
                0x00000000       0x40 .\CortexM0\ARM_GCC_493\Debug\BLE Lab 1 - group 7.a(CyLFClk.o)
 .text.CySysWdtGetCount
                0x00000000       0x54 .\CortexM0\ARM_GCC_493\Debug\BLE Lab 1 - group 7.a(CyLFClk.o)
 .text.CySysWdtGetInterruptSource
                0x00000000       0x1c .\CortexM0\ARM_GCC_493\Debug\BLE Lab 1 - group 7.a(CyLFClk.o)
 .text.CySysWdtClearInterrupt
                0x00000000       0x70 .\CortexM0\ARM_GCC_493\Debug\BLE Lab 1 - group 7.a(CyLFClk.o)
 .text.CySysWdtResetCounters
                0x00000000       0x34 .\CortexM0\ARM_GCC_493\Debug\BLE Lab 1 - group 7.a(CyLFClk.o)
 .text.CySysWdtSetInterruptCallback
                0x00000000       0x40 .\CortexM0\ARM_GCC_493\Debug\BLE Lab 1 - group 7.a(CyLFClk.o)
 .text.CySysWdtGetInterruptCallback
                0x00000000       0x34 .\CortexM0\ARM_GCC_493\Debug\BLE Lab 1 - group 7.a(CyLFClk.o)
 .text.CySysWdtEnableCounterIsr
                0x00000000       0x50 .\CortexM0\ARM_GCC_493\Debug\BLE Lab 1 - group 7.a(CyLFClk.o)
 .text.CySysWdtDisableCounterIsr
                0x00000000       0x38 .\CortexM0\ARM_GCC_493\Debug\BLE Lab 1 - group 7.a(CyLFClk.o)
 .text.CySysWdtIsr
                0x00000000       0xe8 .\CortexM0\ARM_GCC_493\Debug\BLE Lab 1 - group 7.a(CyLFClk.o)
 .text.CySysWatchdogFeed
                0x00000000       0x88 .\CortexM0\ARM_GCC_493\Debug\BLE Lab 1 - group 7.a(CyLFClk.o)
 .text.CySysClkLfclkPosedgeCatch
                0x00000000       0x98 .\CortexM0\ARM_GCC_493\Debug\BLE Lab 1 - group 7.a(CyLFClk.o)
 .text.CySysClkLfclkPosedgeRestore
                0x00000000       0x3c .\CortexM0\ARM_GCC_493\Debug\BLE Lab 1 - group 7.a(CyLFClk.o)
 .text.CySysTimerDelay
                0x00000000       0x6c .\CortexM0\ARM_GCC_493\Debug\BLE Lab 1 - group 7.a(CyLFClk.o)
 .text.CySysTimerDelayUntilMatch
                0x00000000       0xac .\CortexM0\ARM_GCC_493\Debug\BLE Lab 1 - group 7.a(CyLFClk.o)
 .text          0x00000000      0x120 c:/program files (x86)/cypress/psoc creator/3.3/psoc creator/import/gnu/arm/4.9.3/bin/../lib/gcc/arm-none-eabi/4.9.3/armv6-m\libgcc.a(_udivsi3.o)
 .data          0x00000000        0x0 c:/program files (x86)/cypress/psoc creator/3.3/psoc creator/import/gnu/arm/4.9.3/bin/../lib/gcc/arm-none-eabi/4.9.3/armv6-m\libgcc.a(_udivsi3.o)
 .bss           0x00000000        0x0 c:/program files (x86)/cypress/psoc creator/3.3/psoc creator/import/gnu/arm/4.9.3/bin/../lib/gcc/arm-none-eabi/4.9.3/armv6-m\libgcc.a(_udivsi3.o)
 .text          0x00000000      0x1e0 c:/program files (x86)/cypress/psoc creator/3.3/psoc creator/import/gnu/arm/4.9.3/bin/../lib/gcc/arm-none-eabi/4.9.3/armv6-m\libgcc.a(_divsi3.o)
 .data          0x00000000        0x0 c:/program files (x86)/cypress/psoc creator/3.3/psoc creator/import/gnu/arm/4.9.3/bin/../lib/gcc/arm-none-eabi/4.9.3/armv6-m\libgcc.a(_divsi3.o)
 .bss           0x00000000        0x0 c:/program files (x86)/cypress/psoc creator/3.3/psoc creator/import/gnu/arm/4.9.3/bin/../lib/gcc/arm-none-eabi/4.9.3/armv6-m\libgcc.a(_divsi3.o)
 .text          0x00000000        0x4 c:/program files (x86)/cypress/psoc creator/3.3/psoc creator/import/gnu/arm/4.9.3/bin/../lib/gcc/arm-none-eabi/4.9.3/armv6-m\libgcc.a(_dvmd_tls.o)
 .data          0x00000000        0x0 c:/program files (x86)/cypress/psoc creator/3.3/psoc creator/import/gnu/arm/4.9.3/bin/../lib/gcc/arm-none-eabi/4.9.3/armv6-m\libgcc.a(_dvmd_tls.o)
 .bss           0x00000000        0x0 c:/program files (x86)/cypress/psoc creator/3.3/psoc creator/import/gnu/arm/4.9.3/bin/../lib/gcc/arm-none-eabi/4.9.3/armv6-m\libgcc.a(_dvmd_tls.o)
 .text          0x00000000        0x0 c:/program files (x86)/cypress/psoc creator/3.3/psoc creator/import/gnu/arm/4.9.3/bin/../lib/gcc/arm-none-eabi/4.9.3/../../../../arm-none-eabi/lib/armv6-m\libg_nano.a(lib_a-errno.o)
 .data          0x00000000        0x0 c:/program files (x86)/cypress/psoc creator/3.3/psoc creator/import/gnu/arm/4.9.3/bin/../lib/gcc/arm-none-eabi/4.9.3/../../../../arm-none-eabi/lib/armv6-m\libg_nano.a(lib_a-errno.o)
 .bss           0x00000000        0x0 c:/program files (x86)/cypress/psoc creator/3.3/psoc creator/import/gnu/arm/4.9.3/bin/../lib/gcc/arm-none-eabi/4.9.3/../../../../arm-none-eabi/lib/armv6-m\libg_nano.a(lib_a-errno.o)
 .text.__errno  0x00000000        0xc c:/program files (x86)/cypress/psoc creator/3.3/psoc creator/import/gnu/arm/4.9.3/bin/../lib/gcc/arm-none-eabi/4.9.3/../../../../arm-none-eabi/lib/armv6-m\libg_nano.a(lib_a-errno.o)
 .text          0x00000000        0x0 c:/program files (x86)/cypress/psoc creator/3.3/psoc creator/import/gnu/arm/4.9.3/bin/../lib/gcc/arm-none-eabi/4.9.3/../../../../arm-none-eabi/lib/armv6-m\libg_nano.a(lib_a-exit.o)
 .data          0x00000000        0x0 c:/program files (x86)/cypress/psoc creator/3.3/psoc creator/import/gnu/arm/4.9.3/bin/../lib/gcc/arm-none-eabi/4.9.3/../../../../arm-none-eabi/lib/armv6-m\libg_nano.a(lib_a-exit.o)
 .bss           0x00000000        0x0 c:/program files (x86)/cypress/psoc creator/3.3/psoc creator/import/gnu/arm/4.9.3/bin/../lib/gcc/arm-none-eabi/4.9.3/../../../../arm-none-eabi/lib/armv6-m\libg_nano.a(lib_a-exit.o)
 .text.exit     0x00000000       0x2c c:/program files (x86)/cypress/psoc creator/3.3/psoc creator/import/gnu/arm/4.9.3/bin/../lib/gcc/arm-none-eabi/4.9.3/../../../../arm-none-eabi/lib/armv6-m\libg_nano.a(lib_a-exit.o)
 .text          0x00000000        0x0 c:/program files (x86)/cypress/psoc creator/3.3/psoc creator/import/gnu/arm/4.9.3/bin/../lib/gcc/arm-none-eabi/4.9.3/../../../../arm-none-eabi/lib/armv6-m\libg_nano.a(lib_a-impure.o)
 .data          0x00000000        0x0 c:/program files (x86)/cypress/psoc creator/3.3/psoc creator/import/gnu/arm/4.9.3/bin/../lib/gcc/arm-none-eabi/4.9.3/../../../../arm-none-eabi/lib/armv6-m\libg_nano.a(lib_a-impure.o)
 .bss           0x00000000        0x0 c:/program files (x86)/cypress/psoc creator/3.3/psoc creator/import/gnu/arm/4.9.3/bin/../lib/gcc/arm-none-eabi/4.9.3/../../../../arm-none-eabi/lib/armv6-m\libg_nano.a(lib_a-impure.o)
 .data.impure_data
                0x00000000       0x60 c:/program files (x86)/cypress/psoc creator/3.3/psoc creator/import/gnu/arm/4.9.3/bin/../lib/gcc/arm-none-eabi/4.9.3/../../../../arm-none-eabi/lib/armv6-m\libg_nano.a(lib_a-impure.o)
 .data._impure_ptr
                0x00000000        0x4 c:/program files (x86)/cypress/psoc creator/3.3/psoc creator/import/gnu/arm/4.9.3/bin/../lib/gcc/arm-none-eabi/4.9.3/../../../../arm-none-eabi/lib/armv6-m\libg_nano.a(lib_a-impure.o)
 .rodata.str1.1
                0x00000000        0x2 c:/program files (x86)/cypress/psoc creator/3.3/psoc creator/import/gnu/arm/4.9.3/bin/../lib/gcc/arm-none-eabi/4.9.3/../../../../arm-none-eabi/lib/armv6-m\libg_nano.a(lib_a-impure.o)
 .rodata._global_impure_ptr
                0x00000000        0x4 c:/program files (x86)/cypress/psoc creator/3.3/psoc creator/import/gnu/arm/4.9.3/bin/../lib/gcc/arm-none-eabi/4.9.3/../../../../arm-none-eabi/lib/armv6-m\libg_nano.a(lib_a-impure.o)
 .text          0x00000000        0x0 c:/program files (x86)/cypress/psoc creator/3.3/psoc creator/import/gnu/arm/4.9.3/bin/../lib/gcc/arm-none-eabi/4.9.3/../../../../arm-none-eabi/lib/armv6-m\libg_nano.a(lib_a-init.o)
 .data          0x00000000        0x0 c:/program files (x86)/cypress/psoc creator/3.3/psoc creator/import/gnu/arm/4.9.3/bin/../lib/gcc/arm-none-eabi/4.9.3/../../../../arm-none-eabi/lib/armv6-m\libg_nano.a(lib_a-init.o)
 .bss           0x00000000        0x0 c:/program files (x86)/cypress/psoc creator/3.3/psoc creator/import/gnu/arm/4.9.3/bin/../lib/gcc/arm-none-eabi/4.9.3/../../../../arm-none-eabi/lib/armv6-m\libg_nano.a(lib_a-init.o)
 .text          0x00000000        0x0 c:/program files (x86)/cypress/psoc creator/3.3/psoc creator/import/gnu/arm/4.9.3/bin/../lib/gcc/arm-none-eabi/4.9.3/../../../../arm-none-eabi/lib/armv6-m\libg_nano.a(lib_a-memcpy.o)
 .data          0x00000000        0x0 c:/program files (x86)/cypress/psoc creator/3.3/psoc creator/import/gnu/arm/4.9.3/bin/../lib/gcc/arm-none-eabi/4.9.3/../../../../arm-none-eabi/lib/armv6-m\libg_nano.a(lib_a-memcpy.o)
 .bss           0x00000000        0x0 c:/program files (x86)/cypress/psoc creator/3.3/psoc creator/import/gnu/arm/4.9.3/bin/../lib/gcc/arm-none-eabi/4.9.3/../../../../arm-none-eabi/lib/armv6-m\libg_nano.a(lib_a-memcpy.o)
 .text.memcpy   0x00000000       0x12 c:/program files (x86)/cypress/psoc creator/3.3/psoc creator/import/gnu/arm/4.9.3/bin/../lib/gcc/arm-none-eabi/4.9.3/../../../../arm-none-eabi/lib/armv6-m\libg_nano.a(lib_a-memcpy.o)
 .text          0x00000000        0x0 c:/program files (x86)/cypress/psoc creator/3.3/psoc creator/import/gnu/arm/4.9.3/bin/../lib/gcc/arm-none-eabi/4.9.3/../../../../arm-none-eabi/lib/armv6-m\libg_nano.a(lib_a-memset.o)
 .data          0x00000000        0x0 c:/program files (x86)/cypress/psoc creator/3.3/psoc creator/import/gnu/arm/4.9.3/bin/../lib/gcc/arm-none-eabi/4.9.3/../../../../arm-none-eabi/lib/armv6-m\libg_nano.a(lib_a-memset.o)
 .bss           0x00000000        0x0 c:/program files (x86)/cypress/psoc creator/3.3/psoc creator/import/gnu/arm/4.9.3/bin/../lib/gcc/arm-none-eabi/4.9.3/../../../../arm-none-eabi/lib/armv6-m\libg_nano.a(lib_a-memset.o)
 .text          0x00000000        0x0 c:/program files (x86)/cypress/psoc creator/3.3/psoc creator/import/gnu/arm/4.9.3/bin/../lib/gcc/arm-none-eabi/4.9.3/armv6-m/crtend.o
 .data          0x00000000        0x0 c:/program files (x86)/cypress/psoc creator/3.3/psoc creator/import/gnu/arm/4.9.3/bin/../lib/gcc/arm-none-eabi/4.9.3/armv6-m/crtend.o
 .bss           0x00000000        0x0 c:/program files (x86)/cypress/psoc creator/3.3/psoc creator/import/gnu/arm/4.9.3/bin/../lib/gcc/arm-none-eabi/4.9.3/armv6-m/crtend.o
 .text          0x00000000        0x0 c:/program files (x86)/cypress/psoc creator/3.3/psoc creator/import/gnu/arm/4.9.3/bin/../lib/gcc/arm-none-eabi/4.9.3/armv6-m/crtn.o
 .data          0x00000000        0x0 c:/program files (x86)/cypress/psoc creator/3.3/psoc creator/import/gnu/arm/4.9.3/bin/../lib/gcc/arm-none-eabi/4.9.3/armv6-m/crtn.o
 .bss           0x00000000        0x0 c:/program files (x86)/cypress/psoc creator/3.3/psoc creator/import/gnu/arm/4.9.3/bin/../lib/gcc/arm-none-eabi/4.9.3/armv6-m/crtn.o

Memory Configuration

Name             Origin             Length             Attributes
rom              0x00000000         0x00020000         xr
ram              0x20000000         0x00004000         xrw
*default*        0x00000000         0xffffffff

Linker script and memory map

LOAD c:/program files (x86)/cypress/psoc creator/3.3/psoc creator/import/gnu/arm/4.9.3/bin/../lib/gcc/arm-none-eabi/4.9.3/armv6-m/crti.o
LOAD c:/program files (x86)/cypress/psoc creator/3.3/psoc creator/import/gnu/arm/4.9.3/bin/../lib/gcc/arm-none-eabi/4.9.3/armv6-m/crtbegin.o
LOAD c:/program files (x86)/cypress/psoc creator/3.3/psoc creator/import/gnu/arm/4.9.3/bin/../lib/gcc/arm-none-eabi/4.9.3/../../../../arm-none-eabi/lib/armv6-m/crt0.o
START GROUP
LOAD .\CortexM0\ARM_GCC_493\Debug\main.o
LOAD .\CortexM0\ARM_GCC_493\Debug\cymetadata.o
LOAD .\CortexM0\ARM_GCC_493\Debug\Cm0Start.o
LOAD .\CortexM0\ARM_GCC_493\Debug\BLE Lab 1 - group 7.a
LOAD C:\Program Files (x86)\Cypress\PSoC Creator\3.3\PSoC Creator\psoc\content\cycomponentlibrary\CyComponentLibrary.cylib\CortexM0\ARM_GCC_493\Debug\CyComponentLibrary.a
END GROUP
START GROUP
LOAD c:/program files (x86)/cypress/psoc creator/3.3/psoc creator/import/gnu/arm/4.9.3/bin/../lib/gcc/arm-none-eabi/4.9.3/armv6-m\libgcc.a
LOAD c:/program files (x86)/cypress/psoc creator/3.3/psoc creator/import/gnu/arm/4.9.3/bin/../lib/gcc/arm-none-eabi/4.9.3/../../../../arm-none-eabi/lib/armv6-m\libg_nano.a
LOAD c:/program files (x86)/cypress/psoc creator/3.3/psoc creator/import/gnu/arm/4.9.3/bin/../lib/gcc/arm-none-eabi/4.9.3/../../../../arm-none-eabi/lib/armv6-m\libc_nano.a
END GROUP
START GROUP
LOAD c:/program files (x86)/cypress/psoc creator/3.3/psoc creator/import/gnu/arm/4.9.3/bin/../lib/gcc/arm-none-eabi/4.9.3/armv6-m\libgcc.a
LOAD c:/program files (x86)/cypress/psoc creator/3.3/psoc creator/import/gnu/arm/4.9.3/bin/../lib/gcc/arm-none-eabi/4.9.3/../../../../arm-none-eabi/lib/armv6-m\libc_nano.a
END GROUP
LOAD c:/program files (x86)/cypress/psoc creator/3.3/psoc creator/import/gnu/arm/4.9.3/bin/../lib/gcc/arm-none-eabi/4.9.3/armv6-m/crtend.o
LOAD c:/program files (x86)/cypress/psoc creator/3.3/psoc creator/import/gnu/arm/4.9.3/bin/../lib/gcc/arm-none-eabi/4.9.3/armv6-m/crtn.o
START GROUP
LOAD c:/program files (x86)/cypress/psoc creator/3.3/psoc creator/import/gnu/arm/4.9.3/bin/../lib/gcc/arm-none-eabi/4.9.3/armv6-m\libgcc.a
LOAD c:/program files (x86)/cypress/psoc creator/3.3/psoc creator/import/gnu/arm/4.9.3/bin/../lib/gcc/arm-none-eabi/4.9.3/../../../../arm-none-eabi/lib/armv6-m\libc.a
LOAD c:/program files (x86)/cypress/psoc creator/3.3/psoc creator/import/gnu/arm/4.9.3/bin/../lib/gcc/arm-none-eabi/4.9.3/../../../../arm-none-eabi/lib/armv6-m\libnosys.a
END GROUP
                0x00000000                CY_APPL_ORIGIN = 0x0
                0x00000080                CY_FLASH_ROW_SIZE = 0x80
                0x00000001                CY_APPL_NUM = 0x1
                0x00000001                CY_APPL_MAX = 0x1
                0x00000040                CY_METADATA_SIZE = 0x40
                0x00000000                CY_APPL_LOADABLE = 0x0
                0x00000000                CY_CHECKSUM_EXCLUDE_SIZE = ALIGN (0x0, CY_FLASH_ROW_SIZE)
                0x00000000                CY_APP_FOR_STACK_AND_COPIER = 0x0
                0x20000100                PROVIDE (__cy_heap_start, _end)
                0x00000001                PROVIDE (__cy_region_num, ((__cy_regions_end - __cy_regions) / 0x10))
                0x20004000                PROVIDE (__cy_stack, (ORIGIN (ram) + 0x4000))
                0x20003800                PROVIDE (__cy_heap_end, (__cy_stack - 0x800))

.cybootloader   0x00000000        0x0
 *(.cybootloader)
                0x00000000                appl1_start = CY_APPL_ORIGIN?CY_APPL_ORIGIN:ALIGN (CY_FLASH_ROW_SIZE)
                0x0000ff80                appl2_start = (appl1_start + ALIGN ((((0x20000 - appl1_start) - (0x2 * CY_FLASH_ROW_SIZE)) / 0x2), CY_FLASH_ROW_SIZE))
                0x00000000                appl_start = (CY_APPL_NUM == 0x1)?appl1_start:appl2_start
                0x00000001                cy_project_type_bootloader = (appl_start == 0x0)?0x1:0x0
                0x00000000                cy_project_type_app_for_stack_and_copier = (CY_APP_FOR_STACK_AND_COPIER == 0x1)?0x1:0x0

.text           0x00000000      0x884
 CREATE_OBJECT_SYMBOLS
                0x00000000                PROVIDE (__cy_interrupt_vector, RomVectors)
 *(.romvectors)
 .romvectors    0x00000000       0x10 .\CortexM0\ARM_GCC_493\Debug\Cm0Start.o
                0x00000000                RomVectors
                0x00000001                ASSERT ((. != __cy_interrupt_vector), No interrupt vector)
                0x00000001                ASSERT (CY_APPL_ORIGIN?(SIZEOF (.cybootloader) <= CY_APPL_ORIGIN):0x1, Wrong image location)
                0x00000010                PROVIDE (__cy_reset, Reset)
 *(.text.Reset)
 .text.Reset    0x00000010        0x8 .\CortexM0\ARM_GCC_493\Debug\Cm0Start.o
                0x00000010                Reset
                0x00000001                ASSERT ((. != __cy_reset), No reset code)
 *(.psocinit)
 .psocinit      0x00000018      0x200 .\CortexM0\ARM_GCC_493\Debug\BLE Lab 1 - group 7.a(cyfitter_cfg.o)
                0x000000ec                cyfitter_cfg
                0x00000218                . = MAX (., 0x100)
 *(.text .text.* .gnu.linkonce.t.*)
 .text          0x00000218       0x60 c:/program files (x86)/cypress/psoc creator/3.3/psoc creator/import/gnu/arm/4.9.3/bin/../lib/gcc/arm-none-eabi/4.9.3/armv6-m/crtbegin.o
 .text.main     0x00000278        0xc .\CortexM0\ARM_GCC_493\Debug\main.o
                0x00000278                main
 .text.IntDefaultHandler
                0x00000284        0x8 .\CortexM0\ARM_GCC_493\Debug\Cm0Start.o
                0x00000284                IntDefaultHandler
 .text.Start_c  0x0000028c       0x98 .\CortexM0\ARM_GCC_493\Debug\Cm0Start.o
                0x0000028c                Start_c
 .text.initialize_psoc
                0x00000324       0x70 .\CortexM0\ARM_GCC_493\Debug\Cm0Start.o
                0x00000324                initialize_psoc
 .text.CYMEMZERO
                0x00000394       0x20 .\CortexM0\ARM_GCC_493\Debug\BLE Lab 1 - group 7.a(cyfitter_cfg.o)
 .text.cfg_write_bytes32
                0x000003b4       0x80 .\CortexM0\ARM_GCC_493\Debug\BLE Lab 1 - group 7.a(cyfitter_cfg.o)
 .text.AnalogSetDefault
                0x00000434       0x28 .\CortexM0\ARM_GCC_493\Debug\BLE Lab 1 - group 7.a(cyfitter_cfg.o)
 .text.PWM_Init
                0x0000045c       0x54 .\CortexM0\ARM_GCC_493\Debug\BLE Lab 1 - group 7.a(PWM.o)
                0x0000045c                PWM_Init
 .text.PWM_Enable
                0x000004b0       0x38 .\CortexM0\ARM_GCC_493\Debug\BLE Lab 1 - group 7.a(PWM.o)
                0x000004b0                PWM_Enable
 .text.PWM_Start
                0x000004e8       0x24 .\CortexM0\ARM_GCC_493\Debug\BLE Lab 1 - group 7.a(PWM.o)
                0x000004e8                PWM_Start
 .text.PWM_WriteCounter
                0x0000050c       0x1c .\CortexM0\ARM_GCC_493\Debug\BLE Lab 1 - group 7.a(PWM.o)
                0x0000050c                PWM_WriteCounter
 .text.PWM_WritePeriod
                0x00000528       0x1c .\CortexM0\ARM_GCC_493\Debug\BLE Lab 1 - group 7.a(PWM.o)
                0x00000528                PWM_WritePeriod
 .text.PWM_WriteCompare
                0x00000544       0x1c .\CortexM0\ARM_GCC_493\Debug\BLE Lab 1 - group 7.a(PWM.o)
                0x00000544                PWM_WriteCompare
 .text.PWM_TriggerCommand
                0x00000560       0x38 .\CortexM0\ARM_GCC_493\Debug\BLE Lab 1 - group 7.a(PWM.o)
                0x00000560                PWM_TriggerCommand
 .text.PWM_SetInterruptMode
                0x00000598       0x18 .\CortexM0\ARM_GCC_493\Debug\BLE Lab 1 - group 7.a(PWM.o)
                0x00000598                PWM_SetInterruptMode
 .text          0x000005b0       0x20 .\CortexM0\ARM_GCC_493\Debug\BLE Lab 1 - group 7.a(CyBootAsmGnu.o)
                0x000005b0                CyDelayCycles
                0x000005c2                CyEnterCriticalSection
                0x000005ca                CyExitCriticalSection
 .text.CySysClkWriteImoFreq
                0x000005d0       0x98 .\CortexM0\ARM_GCC_493\Debug\BLE Lab 1 - group 7.a(CyLib.o)
                0x000005d0                CySysClkWriteImoFreq
 .text.CySysClkEcoStart
                0x00000668       0x74 .\CortexM0\ARM_GCC_493\Debug\BLE Lab 1 - group 7.a(CyLib.o)
                0x00000668                CySysClkEcoStart
 .text.CySysClkEcoReadStatus
                0x000006dc       0x20 .\CortexM0\ARM_GCC_493\Debug\BLE Lab 1 - group 7.a(CyLib.o)
                0x000006dc                CySysClkEcoReadStatus
 .text.CyHalt   0x000006fc       0x14 .\CortexM0\ARM_GCC_493\Debug\BLE Lab 1 - group 7.a(CyLib.o)
                0x000006fc                CyHalt
 .text.CyDelayUs
                0x00000710       0x28 .\CortexM0\ARM_GCC_493\Debug\BLE Lab 1 - group 7.a(CyLib.o)
                0x00000710                CyDelayUs
 .text.CySysClkWcoSetHighPowerMode
                0x00000738       0x48 .\CortexM0\ARM_GCC_493\Debug\BLE Lab 1 - group 7.a(CyLFClk.o)
 .text.CySysClkWcoSetLowPowerMode
                0x00000780       0x48 .\CortexM0\ARM_GCC_493\Debug\BLE Lab 1 - group 7.a(CyLFClk.o)
 .text.CySysClkWcoStart
                0x000007c8       0x20 .\CortexM0\ARM_GCC_493\Debug\BLE Lab 1 - group 7.a(CyLFClk.o)
                0x000007c8                CySysClkWcoStart
 .text.CySysClkWcoSetPowerMode
                0x000007e8       0x40 .\CortexM0\ARM_GCC_493\Debug\BLE Lab 1 - group 7.a(CyLFClk.o)
                0x000007e8                CySysClkWcoSetPowerMode
 .text.__libc_init_array
                0x00000828       0x4c c:/program files (x86)/cypress/psoc creator/3.3/psoc creator/import/gnu/arm/4.9.3/bin/../lib/gcc/arm-none-eabi/4.9.3/../../../../arm-none-eabi/lib/armv6-m\libg_nano.a(lib_a-init.o)
                0x00000828                __libc_init_array
 .text.memset   0x00000874       0x10 c:/program files (x86)/cypress/psoc creator/3.3/psoc creator/import/gnu/arm/4.9.3/bin/../lib/gcc/arm-none-eabi/4.9.3/../../../../arm-none-eabi/lib/armv6-m\libg_nano.a(lib_a-memset.o)
                0x00000874                memset
 *(.plt)
 *(.gnu.warning)
 *(.glue_7t)
 .glue_7t       0x00000000        0x0 linker stubs
 *(.glue_7)
 .glue_7        0x00000000        0x0 linker stubs
 *(.vfp11_veneer)
 .vfp11_veneer  0x00000000        0x0 linker stubs
 *(.bootloader)
 *(.ARM.extab* .gnu.linkonce.armextab.*)
 *(.gcc_except_table)

.v4_bx          0x00000884        0x0
 .v4_bx         0x00000000        0x0 linker stubs

.iplt           0x00000884        0x0
 .iplt          0x00000000        0x0 c:/program files (x86)/cypress/psoc creator/3.3/psoc creator/import/gnu/arm/4.9.3/bin/../lib/gcc/arm-none-eabi/4.9.3/armv6-m/crtbegin.o

.eh_frame_hdr
 *(.eh_frame_hdr)

.eh_frame       0x00000884        0x4
 *(.eh_frame)
 .eh_frame      0x00000884        0x0 c:/program files (x86)/cypress/psoc creator/3.3/psoc creator/import/gnu/arm/4.9.3/bin/../lib/gcc/arm-none-eabi/4.9.3/armv6-m/crtbegin.o
 .eh_frame      0x00000884        0x4 c:/program files (x86)/cypress/psoc creator/3.3/psoc creator/import/gnu/arm/4.9.3/bin/../lib/gcc/arm-none-eabi/4.9.3/armv6-m/crtend.o
                0x00000888                PROVIDE (__exidx_start, .)

.ARM.exidx
 *(.ARM.exidx* .gnu.linkonce.armexidx.*)
                0x00000888                __exidx_end = .

.rodata         0x00000888       0x80
 *(.rodata .rodata.* .gnu.linkonce.r.*)
 .rodata        0x00000888       0x18 .\CortexM0\ARM_GCC_493\Debug\BLE Lab 1 - group 7.a(cyfitter_cfg.o)
 .rodata        0x000008a0       0x30 .\CortexM0\ARM_GCC_493\Debug\BLE Lab 1 - group 7.a(CyLib.o)
                0x000008a0                cyImoFreqMhz2Reg
                0x000008d0                . = ALIGN (0x4)
 *(.init)
 .init          0x000008d0        0x4 c:/program files (x86)/cypress/psoc creator/3.3/psoc creator/import/gnu/arm/4.9.3/bin/../lib/gcc/arm-none-eabi/4.9.3/armv6-m/crti.o
                0x000008d0                _init
 .init          0x000008d4        0x8 c:/program files (x86)/cypress/psoc creator/3.3/psoc creator/import/gnu/arm/4.9.3/bin/../lib/gcc/arm-none-eabi/4.9.3/armv6-m/crtn.o
                0x000008dc                . = ALIGN (0x4)
                0x000008dc                __preinit_array_start = .
 *(.preinit_array)
                0x000008dc                __preinit_array_end = .
                0x000008dc                . = ALIGN (0x4)
                0x000008dc                __init_array_start = .
 *(SORT(.init_array.*))
 *(.init_array)
 .init_array    0x000008dc        0x4 c:/program files (x86)/cypress/psoc creator/3.3/psoc creator/import/gnu/arm/4.9.3/bin/../lib/gcc/arm-none-eabi/4.9.3/armv6-m/crtbegin.o
 .init_array    0x000008e0        0x4 .\CortexM0\ARM_GCC_493\Debug\Cm0Start.o
                0x000008e4                __init_array_end = .
                0x000008e4                . = ALIGN (0x4)
 *(.fini)
 .fini          0x000008e4        0x4 c:/program files (x86)/cypress/psoc creator/3.3/psoc creator/import/gnu/arm/4.9.3/bin/../lib/gcc/arm-none-eabi/4.9.3/armv6-m/crti.o
                0x000008e4                _fini
 .fini          0x000008e8        0x8 c:/program files (x86)/cypress/psoc creator/3.3/psoc creator/import/gnu/arm/4.9.3/bin/../lib/gcc/arm-none-eabi/4.9.3/armv6-m/crtn.o
                0x000008f0                . = ALIGN (0x4)
                0x000008f0                __fini_array_start = .
 *(.fini_array)
 .fini_array    0x000008f0        0x4 c:/program files (x86)/cypress/psoc creator/3.3/psoc creator/import/gnu/arm/4.9.3/bin/../lib/gcc/arm-none-eabi/4.9.3/armv6-m/crtbegin.o
 *(SORT(.fini_array.*))
                0x000008f4                __fini_array_end = .
                0x000008f4                . = ALIGN (0x4)
 *crtbegin.o(.ctors)
 *(EXCLUDE_FILE(*crtend.o) .ctors)
 *(SORT(.ctors.*))
 *crtend.o(.ctors)
                0x000008f4                . = ALIGN (0x4)
 *crtbegin.o(.dtors)
 *(EXCLUDE_FILE(*crtend.o) .dtors)
 *(SORT(.dtors.*))
 *crtend.o(.dtors)
                0x000008f4                . = ALIGN (0x4)
                0x000008f4                __cy_regions = .
                0x000008f4        0x4 LONG 0x908 __cy_region_init_ram
                0x000008f8        0x4 LONG 0x200000c8 __cy_region_start_data
                0x000008fc        0x4 LONG 0x18 __cy_region_init_size_ram
                0x00000900        0x4 LONG 0x20 __cy_region_zero_size_ram
                0x00000904                __cy_regions_end = .
                0x00000908                . = ALIGN (0x8)
 *fill*         0x00000904        0x4 
                0x00000908                _etext = .

.cy_checksum_exclude
                0x00000908        0x0
 *(.cy_checksum_exclude)

.ramvectors     0x20000000       0xc0
                0x20000000                __cy_region_start_ram = .
 *(.ramvectors)
 .ramvectors    0x20000000       0xc0 .\CortexM0\ARM_GCC_493\Debug\Cm0Start.o
                0x20000000                CyRamVectors

.noinit         0x200000c0        0x4
 *(.noinit)
 .noinit        0x200000c0        0x4 .\CortexM0\ARM_GCC_493\Debug\Cm0Start.o

.data           0x200000c8       0x18 load address 0x00000908
                0x200000c8                __cy_region_start_data = .
 *(.jcr)
 .jcr           0x200000c8        0x0 c:/program files (x86)/cypress/psoc creator/3.3/psoc creator/import/gnu/arm/4.9.3/bin/../lib/gcc/arm-none-eabi/4.9.3/armv6-m/crtbegin.o
 .jcr           0x200000c8        0x4 c:/program files (x86)/cypress/psoc creator/3.3/psoc creator/import/gnu/arm/4.9.3/bin/../lib/gcc/arm-none-eabi/4.9.3/armv6-m/crtend.o
 *(.got.plt)
 *(.got)
 *(.shdata)
 *(.data .data.* .gnu.linkonce.d.*)
 .data          0x200000cc       0x10 .\CortexM0\ARM_GCC_493\Debug\BLE Lab 1 - group 7.a(CyLib.o)
                0x200000cc                cydelayFreqHz
                0x200000d0                cydelayFreqKhz
                0x200000d4                cydelayFreqMhz
                0x200000d8                cydelay32kMs
                0x200000e0                . = ALIGN (0x8)
 *fill*         0x200000dc        0x4 
 *(.ram)
                0x200000e0                _edata = .

.igot.plt       0x200000e0        0x0 load address 0x00000920
 .igot.plt      0x00000000        0x0 c:/program files (x86)/cypress/psoc creator/3.3/psoc creator/import/gnu/arm/4.9.3/bin/../lib/gcc/arm-none-eabi/4.9.3/armv6-m/crtbegin.o

.bss            0x200000e0       0x20 load address 0x00000920
                0x200000e0                PROVIDE (__bss_start__, .)
 *(.shbss)
 *(.bss .bss.* .gnu.linkonce.b.*)
 .bss           0x200000e0       0x1c c:/program files (x86)/cypress/psoc creator/3.3/psoc creator/import/gnu/arm/4.9.3/bin/../lib/gcc/arm-none-eabi/4.9.3/armv6-m/crtbegin.o
 .bss           0x200000fc        0x1 .\CortexM0\ARM_GCC_493\Debug\BLE Lab 1 - group 7.a(PWM.o)
                0x200000fc                PWM_initVar
 *(COMMON)
                0x20000100                . = ALIGN (0x8)
 *fill*         0x200000fd        0x3 
 *(.ram.b)
                0x20000100                _end = .
                0x20000100                __end = .
                0x20000100                PROVIDE (end, .)
                0x20000100                PROVIDE (__bss_end__, .)
                0x00000908                __cy_region_init_ram = LOADADDR (.data)
                0x00000018                __cy_region_init_size_ram = (_edata - ADDR (.data))
                0x00000020                __cy_region_zero_size_ram = (_end - _edata)

.heap           0x20000100       0x80 load address 0x00000920
                0x20000100                . = _end
                0x20000180                . = (. + 0x80)
 *fill*         0x20000100       0x80 
                0x20000180                __cy_heap_limit = .

.stack          0x20003800      0x800
                0x20003800                __cy_stack_limit = .
                0x20004000                . = (. + 0x800)
 *fill*         0x20003800      0x800 
                0x00000001                ASSERT ((__cy_stack_limit >= __cy_heap_limit), region RAM overflowed with stack)
                0x00000000                cy_checksum_exclude_size = (CY_APPL_LOADABLE == 0x1)?SIZEOF (.cy_checksum_exclude):0x0
                0x00000001                ASSERT ((cy_checksum_exclude_size <= CY_CHECKSUM_EXCLUDE_SIZE), CY_BOOT: Section .cy_checksum_exclude size exceedes specified limit.)
                0x0001ffc0                cyloadermeta_start = (cy_project_type_bootloader || cy_project_type_app_for_stack_and_copier)?(0x20000 - CY_METADATA_SIZE):0xf0000000

.cyloadermeta
 *(.cyloadermeta)
                0x0001ffc0                cyloadablemeta_start = cy_project_type_app_for_stack_and_copier?((0x20000 - CY_FLASH_ROW_SIZE) - CY_METADATA_SIZE):((0x20000 - (CY_FLASH_ROW_SIZE * (CY_APPL_NUM - 0x1))) - CY_METADATA_SIZE)

.cyloadablemeta
 *(.cyloadablemeta)

.cyflashprotect
                0x90400000       0x80
 *(.cyflashprotect)
 .cyflashprotect
                0x90400000       0x80 .\CortexM0\ARM_GCC_493\Debug\cymetadata.o
                0x90400000                cy_meta_flashprotect

.cymeta         0x90500000        0xc
 *(.cymeta)
 .cymeta        0x90500000        0xc .\CortexM0\ARM_GCC_493\Debug\cymetadata.o
                0x90500000                cy_metadata

.cychipprotect  0x90600000        0x4
 *(.cychipprotect)
 .cychipprotect
                0x90600000        0x4 .\CortexM0\ARM_GCC_493\Debug\cymetadata.o
                0x90600000                cy_meta_chipprotect

.rel.dyn        0x00000920        0x0 load address 0x90600004
 .rel.iplt      0x00000000        0x0 c:/program files (x86)/cypress/psoc creator/3.3/psoc creator/import/gnu/arm/4.9.3/bin/../lib/gcc/arm-none-eabi/4.9.3/armv6-m/crtbegin.o

.stab
 *(.stab)

.stabstr
 *(.stabstr)

.debug
 *(.debug)

.line
 *(.line)

.debug_srcinfo
 *(.debug_srcinfo)

.debug_sfnames
 *(.debug_sfnames)

.debug_aranges  0x00000000      0x580
 *(.debug_aranges)
 .debug_aranges
                0x00000000       0x20 .\CortexM0\ARM_GCC_493\Debug\main.o
 .debug_aranges
                0x00000020       0x18 .\CortexM0\ARM_GCC_493\Debug\cymetadata.o
 .debug_aranges
                0x00000038       0x48 .\CortexM0\ARM_GCC_493\Debug\Cm0Start.o
 .debug_aranges
                0x00000080       0x50 .\CortexM0\ARM_GCC_493\Debug\BLE Lab 1 - group 7.a(cyfitter_cfg.o)
 .debug_aranges
                0x000000d0      0x158 .\CortexM0\ARM_GCC_493\Debug\BLE Lab 1 - group 7.a(PWM.o)
 .debug_aranges
                0x00000228       0x20 .\CortexM0\ARM_GCC_493\Debug\BLE Lab 1 - group 7.a(CyBootAsmGnu.o)
 .debug_aranges
                0x00000248      0x1a0 .\CortexM0\ARM_GCC_493\Debug\BLE Lab 1 - group 7.a(CyLib.o)
 .debug_aranges
                0x000003e8      0x198 .\CortexM0\ARM_GCC_493\Debug\BLE Lab 1 - group 7.a(CyLFClk.o)

.debug_pubnames
 *(.debug_pubnames)

.debug_info     0x00000000     0x23b8
 *(.debug_info .gnu.linkonce.wi.*)
 .debug_info    0x00000000       0x9d .\CortexM0\ARM_GCC_493\Debug\main.o
 .debug_info    0x0000009d       0xfe .\CortexM0\ARM_GCC_493\Debug\cymetadata.o
 .debug_info    0x0000019b      0x300 .\CortexM0\ARM_GCC_493\Debug\Cm0Start.o
 .debug_info    0x0000049b      0x356 .\CortexM0\ARM_GCC_493\Debug\BLE Lab 1 - group 7.a(cyfitter_cfg.o)
 .debug_info    0x000007f1      0x6f4 .\CortexM0\ARM_GCC_493\Debug\BLE Lab 1 - group 7.a(PWM.o)
 .debug_info    0x00000ee5       0xab .\CortexM0\ARM_GCC_493\Debug\BLE Lab 1 - group 7.a(CyBootAsmGnu.o)
 .debug_info    0x00000f90      0x985 .\CortexM0\ARM_GCC_493\Debug\BLE Lab 1 - group 7.a(CyLib.o)
 .debug_info    0x00001915      0xaa3 .\CortexM0\ARM_GCC_493\Debug\BLE Lab 1 - group 7.a(CyLFClk.o)

.debug_abbrev   0x00000000      0x8ad
 *(.debug_abbrev)
 .debug_abbrev  0x00000000       0x42 .\CortexM0\ARM_GCC_493\Debug\main.o
 .debug_abbrev  0x00000042       0x5d .\CortexM0\ARM_GCC_493\Debug\cymetadata.o
 .debug_abbrev  0x0000009f      0x1a5 .\CortexM0\ARM_GCC_493\Debug\Cm0Start.o
 .debug_abbrev  0x00000244      0x18a .\CortexM0\ARM_GCC_493\Debug\BLE Lab 1 - group 7.a(cyfitter_cfg.o)
 .debug_abbrev  0x000003ce       0xfc .\CortexM0\ARM_GCC_493\Debug\BLE Lab 1 - group 7.a(PWM.o)
 .debug_abbrev  0x000004ca       0x14 .\CortexM0\ARM_GCC_493\Debug\BLE Lab 1 - group 7.a(CyBootAsmGnu.o)
 .debug_abbrev  0x000004de      0x1a7 .\CortexM0\ARM_GCC_493\Debug\BLE Lab 1 - group 7.a(CyLib.o)
 .debug_abbrev  0x00000685      0x228 .\CortexM0\ARM_GCC_493\Debug\BLE Lab 1 - group 7.a(CyLFClk.o)

.debug_line     0x00000000     0x1372
 *(.debug_line)
 .debug_line    0x00000000       0x3f .\CortexM0\ARM_GCC_493\Debug\main.o
 .debug_line    0x0000003f       0x53 .\CortexM0\ARM_GCC_493\Debug\cymetadata.o
 .debug_line    0x00000092      0x1ca .\CortexM0\ARM_GCC_493\Debug\Cm0Start.o
 .debug_line    0x0000025c      0x19c .\CortexM0\ARM_GCC_493\Debug\BLE Lab 1 - group 7.a(cyfitter_cfg.o)
 .debug_line    0x000003f8      0x373 .\CortexM0\ARM_GCC_493\Debug\BLE Lab 1 - group 7.a(PWM.o)
 .debug_line    0x0000076b       0x6a .\CortexM0\ARM_GCC_493\Debug\BLE Lab 1 - group 7.a(CyBootAsmGnu.o)
 .debug_line    0x000007d5      0x4af .\CortexM0\ARM_GCC_493\Debug\BLE Lab 1 - group 7.a(CyLib.o)
 .debug_line    0x00000c84      0x6ee .\CortexM0\ARM_GCC_493\Debug\BLE Lab 1 - group 7.a(CyLFClk.o)

.debug_frame    0x00000000     0x1404
 *(.debug_frame)
 .debug_frame   0x00000000       0x2c .\CortexM0\ARM_GCC_493\Debug\main.o
 .debug_frame   0x0000002c       0xc8 .\CortexM0\ARM_GCC_493\Debug\Cm0Start.o
 .debug_frame   0x000000f4       0xe8 .\CortexM0\ARM_GCC_493\Debug\BLE Lab 1 - group 7.a(cyfitter_cfg.o)
 .debug_frame   0x000001dc      0x52c .\CortexM0\ARM_GCC_493\Debug\BLE Lab 1 - group 7.a(PWM.o)
 .debug_frame   0x00000708      0x608 .\CortexM0\ARM_GCC_493\Debug\BLE Lab 1 - group 7.a(CyLib.o)
 .debug_frame   0x00000d10      0x5f8 .\CortexM0\ARM_GCC_493\Debug\BLE Lab 1 - group 7.a(CyLFClk.o)
 .debug_frame   0x00001308       0x20 c:/program files (x86)/cypress/psoc creator/3.3/psoc creator/import/gnu/arm/4.9.3/bin/../lib/gcc/arm-none-eabi/4.9.3/armv6-m\libgcc.a(_udivsi3.o)
 .debug_frame   0x00001328       0x20 c:/program files (x86)/cypress/psoc creator/3.3/psoc creator/import/gnu/arm/4.9.3/bin/../lib/gcc/arm-none-eabi/4.9.3/armv6-m\libgcc.a(_divsi3.o)
 .debug_frame   0x00001348       0x20 c:/program files (x86)/cypress/psoc creator/3.3/psoc creator/import/gnu/arm/4.9.3/bin/../lib/gcc/arm-none-eabi/4.9.3/../../../../arm-none-eabi/lib/armv6-m\libg_nano.a(lib_a-errno.o)
 .debug_frame   0x00001368       0x28 c:/program files (x86)/cypress/psoc creator/3.3/psoc creator/import/gnu/arm/4.9.3/bin/../lib/gcc/arm-none-eabi/4.9.3/../../../../arm-none-eabi/lib/armv6-m\libg_nano.a(lib_a-exit.o)
 .debug_frame   0x00001390       0x2c c:/program files (x86)/cypress/psoc creator/3.3/psoc creator/import/gnu/arm/4.9.3/bin/../lib/gcc/arm-none-eabi/4.9.3/../../../../arm-none-eabi/lib/armv6-m\libg_nano.a(lib_a-init.o)
 .debug_frame   0x000013bc       0x28 c:/program files (x86)/cypress/psoc creator/3.3/psoc creator/import/gnu/arm/4.9.3/bin/../lib/gcc/arm-none-eabi/4.9.3/../../../../arm-none-eabi/lib/armv6-m\libg_nano.a(lib_a-memcpy.o)
 .debug_frame   0x000013e4       0x20 c:/program files (x86)/cypress/psoc creator/3.3/psoc creator/import/gnu/arm/4.9.3/bin/../lib/gcc/arm-none-eabi/4.9.3/../../../../arm-none-eabi/lib/armv6-m\libg_nano.a(lib_a-memset.o)

.debug_str      0x00000000     0x13aa
 *(.debug_str)
 .debug_str     0x00000000      0x15d .\CortexM0\ARM_GCC_493\Debug\main.o
                                0x196 (size before relaxing)
 .debug_str     0x0000015d       0x61 .\CortexM0\ARM_GCC_493\Debug\cymetadata.o
                                0x1e9 (size before relaxing)
 .debug_str     0x000001be      0x135 .\CortexM0\ARM_GCC_493\Debug\Cm0Start.o
                                0x2dd (size before relaxing)
 .debug_str     0x000002f3      0x104 .\CortexM0\ARM_GCC_493\Debug\BLE Lab 1 - group 7.a(cyfitter_cfg.o)
                                0x2cf (size before relaxing)
 .debug_str     0x000003f7      0x39e .\CortexM0\ARM_GCC_493\Debug\BLE Lab 1 - group 7.a(PWM.o)
                                0x53f (size before relaxing)
 .debug_str     0x00000795      0x4f5 .\CortexM0\ARM_GCC_493\Debug\BLE Lab 1 - group 7.a(CyLib.o)
                                0x6c8 (size before relaxing)
 .debug_str     0x00000c8a      0x720 .\CortexM0\ARM_GCC_493\Debug\BLE Lab 1 - group 7.a(CyLFClk.o)
                                0x909 (size before relaxing)

.debug_loc
 *(.debug_loc)

.debug_macinfo
 *(.debug_macinfo)

.debug_ranges   0x00000000      0x4e8
 *(.debug_ranges)
 .debug_ranges  0x00000000       0x10 .\CortexM0\ARM_GCC_493\Debug\main.o
 .debug_ranges  0x00000010       0x38 .\CortexM0\ARM_GCC_493\Debug\Cm0Start.o
 .debug_ranges  0x00000048       0x40 .\CortexM0\ARM_GCC_493\Debug\BLE Lab 1 - group 7.a(cyfitter_cfg.o)
 .debug_ranges  0x00000088      0x148 .\CortexM0\ARM_GCC_493\Debug\BLE Lab 1 - group 7.a(PWM.o)
 .debug_ranges  0x000001d0      0x190 .\CortexM0\ARM_GCC_493\Debug\BLE Lab 1 - group 7.a(CyLib.o)
 .debug_ranges  0x00000360      0x188 .\CortexM0\ARM_GCC_493\Debug\BLE Lab 1 - group 7.a(CyLFClk.o)

.comment        0x00000000       0x70
 .comment       0x00000000       0x70 .\CortexM0\ARM_GCC_493\Debug\main.o
                                 0x71 (size before relaxing)
 .comment       0x00000000       0x71 .\CortexM0\ARM_GCC_493\Debug\cymetadata.o
 .comment       0x00000000       0x71 .\CortexM0\ARM_GCC_493\Debug\Cm0Start.o
 .comment       0x00000000       0x71 .\CortexM0\ARM_GCC_493\Debug\BLE Lab 1 - group 7.a(cyfitter_cfg.o)
 .comment       0x00000000       0x71 .\CortexM0\ARM_GCC_493\Debug\BLE Lab 1 - group 7.a(PWM.o)
 .comment       0x00000000       0x71 .\CortexM0\ARM_GCC_493\Debug\BLE Lab 1 - group 7.a(CyLib.o)
 .comment       0x00000000       0x71 .\CortexM0\ARM_GCC_493\Debug\BLE Lab 1 - group 7.a(CyLFClk.o)

.debug_weaknames
 *(.debug_weaknames)

.debug_funcnames
 *(.debug_funcnames)

.debug_typenames
 *(.debug_typenames)

.debug_varnames
 *(.debug_varnames)

.note.gnu.arm.ident
 *(.note.gnu.arm.ident)

.ARM.attributes
                0x00000000       0x28
 *(.ARM.attributes)
 .ARM.attributes
                0x00000000       0x1e c:/program files (x86)/cypress/psoc creator/3.3/psoc creator/import/gnu/arm/4.9.3/bin/../lib/gcc/arm-none-eabi/4.9.3/armv6-m/crti.o
 .ARM.attributes
                0x0000001e       0x2c c:/program files (x86)/cypress/psoc creator/3.3/psoc creator/import/gnu/arm/4.9.3/bin/../lib/gcc/arm-none-eabi/4.9.3/armv6-m/crtbegin.o
 .ARM.attributes
                0x0000004a       0x1b c:/program files (x86)/cypress/psoc creator/3.3/psoc creator/import/gnu/arm/4.9.3/bin/../lib/gcc/arm-none-eabi/4.9.3/../../../../arm-none-eabi/lib/armv6-m/crt0.o
 .ARM.attributes
                0x00000065       0x31 .\CortexM0\ARM_GCC_493\Debug\main.o
 .ARM.attributes
                0x00000096       0x31 .\CortexM0\ARM_GCC_493\Debug\cymetadata.o
 .ARM.attributes
                0x000000c7       0x31 .\CortexM0\ARM_GCC_493\Debug\Cm0Start.o
 .ARM.attributes
                0x000000f8       0x31 .\CortexM0\ARM_GCC_493\Debug\BLE Lab 1 - group 7.a(cyfitter_cfg.o)
 .ARM.attributes
                0x00000129       0x31 .\CortexM0\ARM_GCC_493\Debug\BLE Lab 1 - group 7.a(PWM.o)
 .ARM.attributes
                0x0000015a       0x21 .\CortexM0\ARM_GCC_493\Debug\BLE Lab 1 - group 7.a(CyBootAsmGnu.o)
 .ARM.attributes
                0x0000017b       0x31 .\CortexM0\ARM_GCC_493\Debug\BLE Lab 1 - group 7.a(CyLib.o)
 .ARM.attributes
                0x000001ac       0x31 .\CortexM0\ARM_GCC_493\Debug\BLE Lab 1 - group 7.a(CyLFClk.o)
 .ARM.attributes
                0x000001dd       0x1e c:/program files (x86)/cypress/psoc creator/3.3/psoc creator/import/gnu/arm/4.9.3/bin/../lib/gcc/arm-none-eabi/4.9.3/armv6-m\libgcc.a(_udivsi3.o)
 .ARM.attributes
                0x000001fb       0x1e c:/program files (x86)/cypress/psoc creator/3.3/psoc creator/import/gnu/arm/4.9.3/bin/../lib/gcc/arm-none-eabi/4.9.3/armv6-m\libgcc.a(_divsi3.o)
 .ARM.attributes
                0x00000219       0x1e c:/program files (x86)/cypress/psoc creator/3.3/psoc creator/import/gnu/arm/4.9.3/bin/../lib/gcc/arm-none-eabi/4.9.3/armv6-m\libgcc.a(_dvmd_tls.o)
 .ARM.attributes
                0x00000237       0x2c c:/program files (x86)/cypress/psoc creator/3.3/psoc creator/import/gnu/arm/4.9.3/bin/../lib/gcc/arm-none-eabi/4.9.3/../../../../arm-none-eabi/lib/armv6-m\libg_nano.a(lib_a-errno.o)
 .ARM.attributes
                0x00000263       0x2c c:/program files (x86)/cypress/psoc creator/3.3/psoc creator/import/gnu/arm/4.9.3/bin/../lib/gcc/arm-none-eabi/4.9.3/../../../../arm-none-eabi/lib/armv6-m\libg_nano.a(lib_a-exit.o)
 .ARM.attributes
                0x0000028f       0x2c c:/program files (x86)/cypress/psoc creator/3.3/psoc creator/import/gnu/arm/4.9.3/bin/../lib/gcc/arm-none-eabi/4.9.3/../../../../arm-none-eabi/lib/armv6-m\libg_nano.a(lib_a-impure.o)
 .ARM.attributes
                0x000002bb       0x2c c:/program files (x86)/cypress/psoc creator/3.3/psoc creator/import/gnu/arm/4.9.3/bin/../lib/gcc/arm-none-eabi/4.9.3/../../../../arm-none-eabi/lib/armv6-m\libg_nano.a(lib_a-init.o)
 .ARM.attributes
                0x000002e7       0x2c c:/program files (x86)/cypress/psoc creator/3.3/psoc creator/import/gnu/arm/4.9.3/bin/../lib/gcc/arm-none-eabi/4.9.3/../../../../arm-none-eabi/lib/armv6-m\libg_nano.a(lib_a-memcpy.o)
 .ARM.attributes
                0x00000313       0x2c c:/program files (x86)/cypress/psoc creator/3.3/psoc creator/import/gnu/arm/4.9.3/bin/../lib/gcc/arm-none-eabi/4.9.3/../../../../arm-none-eabi/lib/armv6-m\libg_nano.a(lib_a-memset.o)
 .ARM.attributes
                0x0000033f       0x2c c:/program files (x86)/cypress/psoc creator/3.3/psoc creator/import/gnu/arm/4.9.3/bin/../lib/gcc/arm-none-eabi/4.9.3/armv6-m/crtend.o
 .ARM.attributes
                0x0000036b       0x1e c:/program files (x86)/cypress/psoc creator/3.3/psoc creator/import/gnu/arm/4.9.3/bin/../lib/gcc/arm-none-eabi/4.9.3/armv6-m/crtn.o

/DISCARD/
 *(.note.GNU-stack)
OUTPUT(.\CortexM0\ARM_GCC_493\Debug\BLE Lab 1 - group 7.elf elf32-littlearm)
